Archive member included to satisfy reference by file (symbol)

/Applications/STM32CubeIDE.app/Contents/Eclipse/plugins/com.st.stm32cube.ide.mcu.externaltools.gnu-tools-for-stm32.7-2018-q2-update.macos64_1.4.0.202007081208/tools/bin/../lib/gcc/arm-none-eabi/7.3.1/../../../../arm-none-eabi/lib/thumb/v7e-m/fpv4-sp/hard/libc_nano.a(lib_a-errno.o)
                              Core/Src/syscalls.o (__errno)
/Applications/STM32CubeIDE.app/Contents/Eclipse/plugins/com.st.stm32cube.ide.mcu.externaltools.gnu-tools-for-stm32.7-2018-q2-update.macos64_1.4.0.202007081208/tools/bin/../lib/gcc/arm-none-eabi/7.3.1/../../../../arm-none-eabi/lib/thumb/v7e-m/fpv4-sp/hard/libc_nano.a(lib_a-exit.o)
                              /Applications/STM32CubeIDE.app/Contents/Eclipse/plugins/com.st.stm32cube.ide.mcu.externaltools.gnu-tools-for-stm32.7-2018-q2-update.macos64_1.4.0.202007081208/tools/bin/../lib/gcc/arm-none-eabi/7.3.1/../../../../arm-none-eabi/lib/thumb/v7e-m/fpv4-sp/hard/crt0.o (exit)
/Applications/STM32CubeIDE.app/Contents/Eclipse/plugins/com.st.stm32cube.ide.mcu.externaltools.gnu-tools-for-stm32.7-2018-q2-update.macos64_1.4.0.202007081208/tools/bin/../lib/gcc/arm-none-eabi/7.3.1/../../../../arm-none-eabi/lib/thumb/v7e-m/fpv4-sp/hard/libc_nano.a(lib_a-impure.o)
                              /Applications/STM32CubeIDE.app/Contents/Eclipse/plugins/com.st.stm32cube.ide.mcu.externaltools.gnu-tools-for-stm32.7-2018-q2-update.macos64_1.4.0.202007081208/tools/bin/../lib/gcc/arm-none-eabi/7.3.1/../../../../arm-none-eabi/lib/thumb/v7e-m/fpv4-sp/hard/libc_nano.a(lib_a-exit.o) (_global_impure_ptr)
/Applications/STM32CubeIDE.app/Contents/Eclipse/plugins/com.st.stm32cube.ide.mcu.externaltools.gnu-tools-for-stm32.7-2018-q2-update.macos64_1.4.0.202007081208/tools/bin/../lib/gcc/arm-none-eabi/7.3.1/../../../../arm-none-eabi/lib/thumb/v7e-m/fpv4-sp/hard/libc_nano.a(lib_a-init.o)
                              /Applications/STM32CubeIDE.app/Contents/Eclipse/plugins/com.st.stm32cube.ide.mcu.externaltools.gnu-tools-for-stm32.7-2018-q2-update.macos64_1.4.0.202007081208/tools/bin/../lib/gcc/arm-none-eabi/7.3.1/../../../../arm-none-eabi/lib/thumb/v7e-m/fpv4-sp/hard/crt0.o (__libc_init_array)
/Applications/STM32CubeIDE.app/Contents/Eclipse/plugins/com.st.stm32cube.ide.mcu.externaltools.gnu-tools-for-stm32.7-2018-q2-update.macos64_1.4.0.202007081208/tools/bin/../lib/gcc/arm-none-eabi/7.3.1/../../../../arm-none-eabi/lib/thumb/v7e-m/fpv4-sp/hard/libc_nano.a(lib_a-memcpy-stub.o)
                              Middlewares/Third_Party/FreeRTOS/Source/queue.o (memcpy)
/Applications/STM32CubeIDE.app/Contents/Eclipse/plugins/com.st.stm32cube.ide.mcu.externaltools.gnu-tools-for-stm32.7-2018-q2-update.macos64_1.4.0.202007081208/tools/bin/../lib/gcc/arm-none-eabi/7.3.1/../../../../arm-none-eabi/lib/thumb/v7e-m/fpv4-sp/hard/libc_nano.a(lib_a-memset.o)
                              /Applications/STM32CubeIDE.app/Contents/Eclipse/plugins/com.st.stm32cube.ide.mcu.externaltools.gnu-tools-for-stm32.7-2018-q2-update.macos64_1.4.0.202007081208/tools/bin/../lib/gcc/arm-none-eabi/7.3.1/../../../../arm-none-eabi/lib/thumb/v7e-m/fpv4-sp/hard/crt0.o (memset)

Allocating common symbols
Common symbol       size              file

pongTaskBuffer      0x200             Core/Src/main.o
pongHandle          0x4               Core/Src/main.o
pingHandle          0x4               Core/Src/main.o
pingTaskControlBlock
                    0x54              Core/Src/main.o
htim17              0x4c              Core/Src/stm32g4xx_hal_timebase_tim.o
uwTick              0x4               Drivers/STM32G4xx_HAL_Driver/Src/stm32g4xx_hal.o
xQueueRegistry      0x40              Middlewares/Third_Party/FreeRTOS/Source/queue.o
g_unaligned_buffer  0x4               Core/Src/app_freertos.o
theQueueControlBlock
                    0x48              Core/Src/main.o
pongTaskControlBlock
                    0x54              Core/Src/main.o
theQueueBuffer      0x4               Core/Src/main.o
theQueueHandle      0x4               Core/Src/main.o
pingTaskBuffer      0x200             Core/Src/main.o

Discarded input sections

 .text          0x0000000000000000        0x0 /Applications/STM32CubeIDE.app/Contents/Eclipse/plugins/com.st.stm32cube.ide.mcu.externaltools.gnu-tools-for-stm32.7-2018-q2-update.macos64_1.4.0.202007081208/tools/bin/../lib/gcc/arm-none-eabi/7.3.1/thumb/v7e-m/fpv4-sp/hard/crti.o
 .data          0x0000000000000000        0x0 /Applications/STM32CubeIDE.app/Contents/Eclipse/plugins/com.st.stm32cube.ide.mcu.externaltools.gnu-tools-for-stm32.7-2018-q2-update.macos64_1.4.0.202007081208/tools/bin/../lib/gcc/arm-none-eabi/7.3.1/thumb/v7e-m/fpv4-sp/hard/crti.o
 .bss           0x0000000000000000        0x0 /Applications/STM32CubeIDE.app/Contents/Eclipse/plugins/com.st.stm32cube.ide.mcu.externaltools.gnu-tools-for-stm32.7-2018-q2-update.macos64_1.4.0.202007081208/tools/bin/../lib/gcc/arm-none-eabi/7.3.1/thumb/v7e-m/fpv4-sp/hard/crti.o
[...]
Memory Configuration

Name             Origin             Length             Attributes
RAM              0x0000000020000000 0x0000000000020000 xrw
FLASH            0x0000000008000000 0x0000000000080000 xr
*default*        0x0000000000000000 0xffffffffffffffff

Linker script and memory map

LOAD /Applications/STM32CubeIDE.app/Contents/Eclipse/plugins/com.st.stm32cube.ide.mcu.externaltools.gnu-tools-for-stm32.7-2018-q2-update.macos64_1.4.0.202007081208/tools/bin/../lib/gcc/arm-none-eabi/7.3.1/thumb/v7e-m/fpv4-sp/hard/crti.o
LOAD /Applications/STM32CubeIDE.app/Contents/Eclipse/plugins/com.st.stm32cube.ide.mcu.externaltools.gnu-tools-for-stm32.7-2018-q2-update.macos64_1.4.0.202007081208/tools/bin/../lib/gcc/arm-none-eabi/7.3.1/thumb/v7e-m/fpv4-sp/hard/crtbegin.o
LOAD /Applications/STM32CubeIDE.app/Contents/Eclipse/plugins/com.st.stm32cube.ide.mcu.externaltools.gnu-tools-for-stm32.7-2018-q2-update.macos64_1.4.0.202007081208/tools/bin/../lib/gcc/arm-none-eabi/7.3.1/../../../../arm-none-eabi/lib/thumb/v7e-m/fpv4-sp/hard/crt0.o
LOAD Core/Src/app_freertos.o
LOAD Core/Src/main.o
LOAD Core/Src/stm32g4xx_hal_msp.o
LOAD Core/Src/stm32g4xx_hal_timebase_tim.o
LOAD Core/Src/stm32g4xx_it.o
LOAD Core/Src/syscalls.o
LOAD Core/Src/sysmem.o
LOAD Core/Src/system_stm32g4xx.o
LOAD Core/Startup/startup_stm32g474retx.o
LOAD Drivers/STM32G4xx_HAL_Driver/Src/stm32g4xx_hal.o
LOAD Drivers/STM32G4xx_HAL_Driver/Src/stm32g4xx_hal_cortex.o
LOAD Drivers/STM32G4xx_HAL_Driver/Src/stm32g4xx_hal_dma.o
LOAD Drivers/STM32G4xx_HAL_Driver/Src/stm32g4xx_hal_dma_ex.o
LOAD Drivers/STM32G4xx_HAL_Driver/Src/stm32g4xx_hal_exti.o
LOAD Drivers/STM32G4xx_HAL_Driver/Src/stm32g4xx_hal_flash.o
LOAD Drivers/STM32G4xx_HAL_Driver/Src/stm32g4xx_hal_flash_ex.o
LOAD Drivers/STM32G4xx_HAL_Driver/Src/stm32g4xx_hal_flash_ramfunc.o
LOAD Drivers/STM32G4xx_HAL_Driver/Src/stm32g4xx_hal_gpio.o
LOAD Drivers/STM32G4xx_HAL_Driver/Src/stm32g4xx_hal_pwr.o
LOAD Drivers/STM32G4xx_HAL_Driver/Src/stm32g4xx_hal_pwr_ex.o
LOAD Drivers/STM32G4xx_HAL_Driver/Src/stm32g4xx_hal_rcc.o
LOAD Drivers/STM32G4xx_HAL_Driver/Src/stm32g4xx_hal_rcc_ex.o
LOAD Drivers/STM32G4xx_HAL_Driver/Src/stm32g4xx_hal_tim.o
LOAD Drivers/STM32G4xx_HAL_Driver/Src/stm32g4xx_hal_tim_ex.o
LOAD Middlewares/Third_Party/FreeRTOS/Source/CMSIS_RTOS/cmsis_os.o
LOAD Middlewares/Third_Party/FreeRTOS/Source/croutine.o
LOAD Middlewares/Third_Party/FreeRTOS/Source/event_groups.o
LOAD Middlewares/Third_Party/FreeRTOS/Source/list.o
LOAD Middlewares/Third_Party/FreeRTOS/Source/queue.o
LOAD Middlewares/Third_Party/FreeRTOS/Source/stream_buffer.o
LOAD Middlewares/Third_Party/FreeRTOS/Source/tasks.o
LOAD Middlewares/Third_Party/FreeRTOS/Source/timers.o
LOAD Middlewares/Third_Party/FreeRTOS/Source/portable/GCC/ARM_CM4F/port.o
START GROUP
LOAD /Applications/STM32CubeIDE.app/Contents/Eclipse/plugins/com.st.stm32cube.ide.mcu.externaltools.gnu-tools-for-stm32.7-2018-q2-update.macos64_1.4.0.202007081208/tools/bin/../lib/gcc/arm-none-eabi/7.3.1/../../../../arm-none-eabi/lib/thumb/v7e-m/fpv4-sp/hard/libc_nano.a
LOAD /Applications/STM32CubeIDE.app/Contents/Eclipse/plugins/com.st.stm32cube.ide.mcu.externaltools.gnu-tools-for-stm32.7-2018-q2-update.macos64_1.4.0.202007081208/tools/bin/../lib/gcc/arm-none-eabi/7.3.1/../../../../arm-none-eabi/lib/thumb/v7e-m/fpv4-sp/hard/libm.a
END GROUP
START GROUP
LOAD /Applications/STM32CubeIDE.app/Contents/Eclipse/plugins/com.st.stm32cube.ide.mcu.externaltools.gnu-tools-for-stm32.7-2018-q2-update.macos64_1.4.0.202007081208/tools/bin/../lib/gcc/arm-none-eabi/7.3.1/thumb/v7e-m/fpv4-sp/hard/libgcc.a
LOAD /Applications/STM32CubeIDE.app/Contents/Eclipse/plugins/com.st.stm32cube.ide.mcu.externaltools.gnu-tools-for-stm32.7-2018-q2-update.macos64_1.4.0.202007081208/tools/bin/../lib/gcc/arm-none-eabi/7.3.1/../../../../arm-none-eabi/lib/thumb/v7e-m/fpv4-sp/hard/libc_nano.a
END GROUP
START GROUP
LOAD /Applications/STM32CubeIDE.app/Contents/Eclipse/plugins/com.st.stm32cube.ide.mcu.externaltools.gnu-tools-for-stm32.7-2018-q2-update.macos64_1.4.0.202007081208/tools/bin/../lib/gcc/arm-none-eabi/7.3.1/thumb/v7e-m/fpv4-sp/hard/libgcc.a
LOAD /Applications/STM32CubeIDE.app/Contents/Eclipse/plugins/com.st.stm32cube.ide.mcu.externaltools.gnu-tools-for-stm32.7-2018-q2-update.macos64_1.4.0.202007081208/tools/bin/../lib/gcc/arm-none-eabi/7.3.1/../../../../arm-none-eabi/lib/thumb/v7e-m/fpv4-sp/hard/libc_nano.a
LOAD /Applications/STM32CubeIDE.app/Contents/Eclipse/plugins/com.st.stm32cube.ide.mcu.externaltools.gnu-tools-for-stm32.7-2018-q2-update.macos64_1.4.0.202007081208/tools/bin/../lib/gcc/arm-none-eabi/7.3.1/../../../../arm-none-eabi/lib/thumb/v7e-m/fpv4-sp/hard/libnosys.a
END GROUP
START GROUP
LOAD /Applications/STM32CubeIDE.app/Contents/Eclipse/plugins/com.st.stm32cube.ide.mcu.externaltools.gnu-tools-for-stm32.7-2018-q2-update.macos64_1.4.0.202007081208/tools/bin/../lib/gcc/arm-none-eabi/7.3.1/thumb/v7e-m/fpv4-sp/hard/libgcc.a
LOAD /Applications/STM32CubeIDE.app/Contents/Eclipse/plugins/com.st.stm32cube.ide.mcu.externaltools.gnu-tools-for-stm32.7-2018-q2-update.macos64_1.4.0.202007081208/tools/bin/../lib/gcc/arm-none-eabi/7.3.1/../../../../arm-none-eabi/lib/thumb/v7e-m/fpv4-sp/hard/libc_nano.a
LOAD /Applications/STM32CubeIDE.app/Contents/Eclipse/plugins/com.st.stm32cube.ide.mcu.externaltools.gnu-tools-for-stm32.7-2018-q2-update.macos64_1.4.0.202007081208/tools/bin/../lib/gcc/arm-none-eabi/7.3.1/../../../../arm-none-eabi/lib/thumb/v7e-m/fpv4-sp/hard/libnosys.a
END GROUP
LOAD /Applications/STM32CubeIDE.app/Contents/Eclipse/plugins/com.st.stm32cube.ide.mcu.externaltools.gnu-tools-for-stm32.7-2018-q2-update.macos64_1.4.0.202007081208/tools/bin/../lib/gcc/arm-none-eabi/7.3.1/thumb/v7e-m/fpv4-sp/hard/crtend.o
LOAD /Applications/STM32CubeIDE.app/Contents/Eclipse/plugins/com.st.stm32cube.ide.mcu.externaltools.gnu-tools-for-stm32.7-2018-q2-update.macos64_1.4.0.202007081208/tools/bin/../lib/gcc/arm-none-eabi/7.3.1/thumb/v7e-m/fpv4-sp/hard/crtn.o
                0x0000000020020000                _estack = (ORIGIN (RAM) + LENGTH (RAM))
                0x0000000000000200                _Min_Heap_Size = 0x200
                0x0000000000000400                _Min_Stack_Size = 0x400

.isr_vector     0x0000000008000000      0x1d8
                0x0000000008000000                . = ALIGN (0x4)
 *(.isr_vector)
 .isr_vector    0x0000000008000000      0x1d8 Core/Startup/startup_stm32g474retx.o
                0x0000000008000000                g_pfnVectors
                0x00000000080001d8                . = ALIGN (0x4)

.text           0x00000000080001e0     0x3fb8
                0x00000000080001e0                . = ALIGN (0x4)
 *(.text)
 .text          0x00000000080001e0       0x40 /Applications/STM32CubeIDE.app/Contents/Eclipse/plugins/com.st.stm32cube.ide.mcu.externaltools.gnu-tools-for-stm32.7-2018-q2-update.macos64_1.4.0.202007081208/tools/bin/../lib/gcc/arm-none-eabi/7.3.1/thumb/v7e-m/fpv4-sp/hard/crtbegin.o
 *(.text*)
 .text.vApplicationGetIdleTaskMemory
                0x0000000008000220       0x34 Core/Src/app_freertos.o
                0x0000000008000220                vApplicationGetIdleTaskMemory
 .text.trigger_irq
                0x0000000008000254       0x40 Core/Src/main.o
                0x0000000008000254                trigger_irq
 .text.stkerr_from_psp
                0x0000000008000294       0x98 Core/Src/main.o
                0x0000000008000294                stkerr_from_psp
 .text.bad_memory_access_crash
                0x000000000800032c       0x20 Core/Src/main.o
                0x000000000800032c                bad_memory_access_crash
 .text.illegal_instruction_execution
                0x000000000800034c       0x1a Core/Src/main.o
                0x000000000800034c                illegal_instruction_execution
 *fill*         0x0000000008000366        0x2 
 .text.unaligned_double_word_read
                0x0000000008000368       0x34 Core/Src/main.o
                0x0000000008000368                unaligned_double_word_read
 *fill*         0x000000000800039c        0x4 
 .text.bad_addr_double_word_write
                0x00000000080003a0       0x30 Core/Src/main.o
                0x00000000080003a0                bad_addr_double_word_write
 .text.access_disabled_coprocessor
                0x00000000080003d0       0x24 Core/Src/main.o
                0x00000000080003d0                access_disabled_coprocessor
 .text.read_from_bad_address
                0x00000000080003f4       0x18 Core/Src/main.o
                0x00000000080003f4                read_from_bad_address
 .text.trigger_crash
                0x000000000800040c       0x70 Core/Src/main.o
                0x000000000800040c                trigger_crash
 .text.main     0x000000000800047c       0x98 Core/Src/main.o
                0x000000000800047c                main
 .text.SystemClock_Config
                0x0000000008000514       0x96 Core/Src/main.o
                0x0000000008000514                SystemClock_Config
 *fill*         0x00000000080005aa        0x2 
 .text.MX_GPIO_Init
                0x00000000080005ac       0x7c Core/Src/main.o
 .text.prvQueuePingTask
                0x0000000008000628       0x60 Core/Src/main.o
                0x0000000008000628                prvQueuePingTask
 .text.prvQueuePongTask
                0x0000000008000688       0x30 Core/Src/main.o
                0x0000000008000688                prvQueuePongTask
 .text.HAL_TIM_PeriodElapsedCallback
                0x00000000080006b8       0x24 Core/Src/main.o
                0x00000000080006b8                HAL_TIM_PeriodElapsedCallback
 .text.Error_Handler
                0x00000000080006dc        0xe Core/Src/main.o
                0x00000000080006dc                Error_Handler
 *fill*         0x00000000080006ea        0x2 
 .text.HAL_MspInit
                0x00000000080006ec       0x48 Core/Src/stm32g4xx_hal_msp.o
                0x00000000080006ec                HAL_MspInit
 .text.HAL_InitTick
                0x0000000008000734       0xe0 Core/Src/stm32g4xx_hal_timebase_tim.o
                0x0000000008000734                HAL_InitTick
 .text.my_fault_handler_c
                0x0000000008000814       0x80 Core/Src/stm32g4xx_it.o
                0x0000000008000814                my_fault_handler_c
 .text.NMI_Handler
                0x0000000008000894        0xe Core/Src/stm32g4xx_it.o
                0x0000000008000894                NMI_Handler
 .text.HardFault_Handler
                0x00000000080008a2       0x18 Core/Src/stm32g4xx_it.o
                0x00000000080008a2                HardFault_Handler
 .text.MemManage_Handler
                0x00000000080008ba        0x6 Core/Src/stm32g4xx_it.o
                0x00000000080008ba                MemManage_Handler
 .text.BusFault_Handler
                0x00000000080008c0        0x6 Core/Src/stm32g4xx_it.o
                0x00000000080008c0                BusFault_Handler
 .text.UsageFault_Handler
                0x00000000080008c6        0x6 Core/Src/stm32g4xx_it.o
                0x00000000080008c6                UsageFault_Handler
 .text.DebugMon_Handler
                0x00000000080008cc        0xe Core/Src/stm32g4xx_it.o
                0x00000000080008cc                DebugMon_Handler
 *fill*         0x00000000080008da        0x2 
 .text.TIM1_TRG_COM_TIM17_IRQHandler
                0x00000000080008dc       0x14 Core/Src/stm32g4xx_it.o
                0x00000000080008dc                TIM1_TRG_COM_TIM17_IRQHandler
 .text.SystemInit
                0x00000000080008f0       0x2c Core/Src/system_stm32g4xx.o
                0x00000000080008f0                SystemInit
 .text.Reset_Handler
                0x000000000800091c       0x50 Core/Startup/startup_stm32g474retx.o
                0x000000000800091c                Reset_Handler
 .text.Default_Handler
                0x000000000800096c        0x2 Core/Startup/startup_stm32g474retx.o
                0x000000000800096c                TIM1_BRK_TIM15_IRQHandler
                0x000000000800096c                EXTI2_IRQHandler
                0x000000000800096c                TIM8_TRG_COM_IRQHandler
                0x000000000800096c                TIM8_CC_IRQHandler
                0x000000000800096c                HRTIM1_Master_IRQHandler
                0x000000000800096c                SPI4_IRQHandler
                0x000000000800096c                FDCAN3_IT0_IRQHandler
                0x000000000800096c                TIM1_CC_IRQHandler
                0x000000000800096c                HRTIM1_FLT_IRQHandler
                0x000000000800096c                HRTIM1_TIMF_IRQHandler
                0x000000000800096c                USB_HP_IRQHandler
                0x000000000800096c                CORDIC_IRQHandler
                0x000000000800096c                HRTIM1_TIMD_IRQHandler
                0x000000000800096c                DMA2_Channel8_IRQHandler
                0x000000000800096c                EXTI3_IRQHandler
                0x000000000800096c                I2C3_ER_IRQHandler
                0x000000000800096c                EXTI0_IRQHandler
                0x000000000800096c                I2C2_EV_IRQHandler
                0x000000000800096c                FPU_IRQHandler
                0x000000000800096c                FDCAN1_IT1_IRQHandler
                0x000000000800096c                TIM1_UP_TIM16_IRQHandler
                0x000000000800096c                ADC1_2_IRQHandler
                0x000000000800096c                HRTIM1_TIME_IRQHandler
                0x000000000800096c                SPI1_IRQHandler
                0x000000000800096c                TIM6_DAC_IRQHandler
                0x000000000800096c                HRTIM1_TIMC_IRQHandler
                0x000000000800096c                TIM8_UP_IRQHandler
                0x000000000800096c                DMA2_Channel2_IRQHandler
                0x000000000800096c                DMA1_Channel4_IRQHandler
                0x000000000800096c                TIM20_TRG_COM_IRQHandler
                0x000000000800096c                USART3_IRQHandler
                0x000000000800096c                DMA1_Channel7_IRQHandler
                0x000000000800096c                UART5_IRQHandler
                0x000000000800096c                ADC3_IRQHandler
                0x000000000800096c                TIM4_IRQHandler
                0x000000000800096c                DMA2_Channel1_IRQHandler
                0x000000000800096c                QUADSPI_IRQHandler
                0x000000000800096c                I2C1_EV_IRQHandler
                0x000000000800096c                DMA1_Channel6_IRQHandler
                0x000000000800096c                UART4_IRQHandler
                0x000000000800096c                DMA2_Channel4_IRQHandler
                0x000000000800096c                TIM3_IRQHandler
                0x000000000800096c                RCC_IRQHandler
                0x000000000800096c                TIM20_UP_IRQHandler
                0x000000000800096c                DMA1_Channel1_IRQHandler
                0x000000000800096c                Default_Handler
                0x000000000800096c                DMA2_Channel7_IRQHandler
                0x000000000800096c                RTC_TAMP_LSECSS_IRQHandler
                0x000000000800096c                FMAC_IRQHandler
                0x000000000800096c                EXTI15_10_IRQHandler
                0x000000000800096c                DMA1_Channel8_IRQHandler
                0x000000000800096c                HRTIM1_TIMA_IRQHandler
                0x000000000800096c                TIM7_DAC_IRQHandler
                0x000000000800096c                FDCAN3_IT1_IRQHandler
                0x000000000800096c                TIM5_IRQHandler
                0x000000000800096c                UCPD1_IRQHandler
                0x000000000800096c                I2C3_EV_IRQHandler
                0x000000000800096c                EXTI9_5_IRQHandler
                0x000000000800096c                RTC_WKUP_IRQHandler
                0x000000000800096c                PVD_PVM_IRQHandler
                0x000000000800096c                SPI2_IRQHandler
                0x000000000800096c                ADC5_IRQHandler
                0x000000000800096c                DMA2_Channel5_IRQHandler
                0x000000000800096c                CRS_IRQHandler
                0x000000000800096c                DMA1_Channel5_IRQHandler
                0x000000000800096c                USB_LP_IRQHandler
                0x000000000800096c                EXTI4_IRQHandler
                0x000000000800096c                RNG_IRQHandler
                0x000000000800096c                HRTIM1_TIMB_IRQHandler
                0x000000000800096c                FDCAN2_IT1_IRQHandler
                0x000000000800096c                DMA1_Channel3_IRQHandler
                0x000000000800096c                ADC4_IRQHandler
                0x000000000800096c                WWDG_IRQHandler
                0x000000000800096c                I2C4_EV_IRQHandler
                0x000000000800096c                FDCAN2_IT0_IRQHandler
                0x000000000800096c                LPUART1_IRQHandler
                0x000000000800096c                DMA2_Channel6_IRQHandler
                0x000000000800096c                FDCAN1_IT0_IRQHandler
                0x000000000800096c                TIM2_IRQHandler
                0x000000000800096c                COMP7_IRQHandler
                0x000000000800096c                COMP1_2_3_IRQHandler
                0x000000000800096c                EXTI1_IRQHandler
                0x000000000800096c                USART2_IRQHandler
                0x000000000800096c                COMP4_5_6_IRQHandler
                0x000000000800096c                TIM20_BRK_IRQHandler
                0x000000000800096c                I2C2_ER_IRQHandler
                0x000000000800096c                DMA1_Channel2_IRQHandler
                0x000000000800096c                TIM8_BRK_IRQHandler
                0x000000000800096c                FLASH_IRQHandler
                0x000000000800096c                TIM20_CC_IRQHandler
                0x000000000800096c                USART1_IRQHandler
                0x000000000800096c                SPI3_IRQHandler
                0x000000000800096c                I2C1_ER_IRQHandler
                0x000000000800096c                FMC_IRQHandler
                0x000000000800096c                LPTIM1_IRQHandler
                0x000000000800096c                DMAMUX_OVR_IRQHandler
                0x000000000800096c                I2C4_ER_IRQHandler
                0x000000000800096c                USBWakeUp_IRQHandler
                0x000000000800096c                SAI1_IRQHandler
                0x000000000800096c                DMA2_Channel3_IRQHandler
                0x000000000800096c                RTC_Alarm_IRQHandler
 .text.HAL_Init
                0x000000000800096e       0x30 Drivers/STM32G4xx_HAL_Driver/Src/stm32g4xx_hal.o
                0x000000000800096e                HAL_Init
 *fill*         0x000000000800099e        0x2 
 .text.HAL_IncTick
                0x00000000080009a0       0x24 Drivers/STM32G4xx_HAL_Driver/Src/stm32g4xx_hal.o
                0x00000000080009a0                HAL_IncTick
 .text.HAL_GetTick
                0x00000000080009c4       0x18 Drivers/STM32G4xx_HAL_Driver/Src/stm32g4xx_hal.o
                0x00000000080009c4                HAL_GetTick
 .text.__NVIC_SetPriorityGrouping
                0x00000000080009dc       0x48 Drivers/STM32G4xx_HAL_Driver/Src/stm32g4xx_hal_cortex.o
 .text.__NVIC_GetPriorityGrouping
                0x0000000008000a24       0x1c Drivers/STM32G4xx_HAL_Driver/Src/stm32g4xx_hal_cortex.o
 .text.__NVIC_EnableIRQ
                0x0000000008000a40       0x3c Drivers/STM32G4xx_HAL_Driver/Src/stm32g4xx_hal_cortex.o
 .text.__NVIC_SetPriority
                0x0000000008000a7c       0x54 Drivers/STM32G4xx_HAL_Driver/Src/stm32g4xx_hal_cortex.o
 .text.NVIC_EncodePriority
                0x0000000008000ad0       0x66 Drivers/STM32G4xx_HAL_Driver/Src/stm32g4xx_hal_cortex.o
 .text.HAL_NVIC_SetPriorityGrouping
                0x0000000008000b36       0x16 Drivers/STM32G4xx_HAL_Driver/Src/stm32g4xx_hal_cortex.o
                0x0000000008000b36                HAL_NVIC_SetPriorityGrouping
 .text.HAL_NVIC_SetPriority
                0x0000000008000b4c       0x34 Drivers/STM32G4xx_HAL_Driver/Src/stm32g4xx_hal_cortex.o
                0x0000000008000b4c                HAL_NVIC_SetPriority
 .text.HAL_NVIC_EnableIRQ
                0x0000000008000b80       0x1c Drivers/STM32G4xx_HAL_Driver/Src/stm32g4xx_hal_cortex.o
                0x0000000008000b80                HAL_NVIC_EnableIRQ
 .text.HAL_GPIO_Init
                0x0000000008000b9c      0x304 Drivers/STM32G4xx_HAL_Driver/Src/stm32g4xx_hal_gpio.o
                0x0000000008000b9c                HAL_GPIO_Init
 .text.HAL_GPIO_WritePin
                0x0000000008000ea0       0x30 Drivers/STM32G4xx_HAL_Driver/Src/stm32g4xx_hal_gpio.o
                0x0000000008000ea0                HAL_GPIO_WritePin
 .text.HAL_PWREx_ControlVoltageScaling
                0x0000000008000ed0      0x148 Drivers/STM32G4xx_HAL_Driver/Src/stm32g4xx_hal_pwr_ex.o
                0x0000000008000ed0                HAL_PWREx_ControlVoltageScaling
 .text.HAL_PWREx_DisableUCPDDeadBattery
                0x0000000008001018       0x20 Drivers/STM32G4xx_HAL_Driver/Src/stm32g4xx_hal_pwr_ex.o
                0x0000000008001018                HAL_PWREx_DisableUCPDDeadBattery
 .text.HAL_RCC_OscConfig
                0x0000000008001038      0x630 Drivers/STM32G4xx_HAL_Driver/Src/stm32g4xx_hal_rcc.o
                0x0000000008001038                HAL_RCC_OscConfig
 .text.HAL_RCC_ClockConfig
                0x0000000008001668      0x278 Drivers/STM32G4xx_HAL_Driver/Src/stm32g4xx_hal_rcc.o
                0x0000000008001668                HAL_RCC_ClockConfig
 .text.HAL_RCC_GetSysClockFreq
                0x00000000080018e0       0xc4 Drivers/STM32G4xx_HAL_Driver/Src/stm32g4xx_hal_rcc.o
                0x00000000080018e0                HAL_RCC_GetSysClockFreq
 .text.HAL_RCC_GetHCLKFreq
                0x00000000080019a4       0x18 Drivers/STM32G4xx_HAL_Driver/Src/stm32g4xx_hal_rcc.o
                0x00000000080019a4                HAL_RCC_GetHCLKFreq
 .text.HAL_RCC_GetPCLK2Freq
                0x00000000080019bc       0x2c Drivers/STM32G4xx_HAL_Driver/Src/stm32g4xx_hal_rcc.o
                0x00000000080019bc                HAL_RCC_GetPCLK2Freq
 .text.HAL_RCC_GetClockConfig
                0x00000000080019e8       0x64 Drivers/STM32G4xx_HAL_Driver/Src/stm32g4xx_hal_rcc.o
                0x00000000080019e8                HAL_RCC_GetClockConfig
 .text.RCC_GetSysClockFreqFromPLLSource
                0x0000000008001a4c       0x8c Drivers/STM32G4xx_HAL_Driver/Src/stm32g4xx_hal_rcc.o
 .text.HAL_TIM_Base_Init
                0x0000000008001ad8       0xae Drivers/STM32G4xx_HAL_Driver/Src/stm32g4xx_hal_tim.o
                0x0000000008001ad8                HAL_TIM_Base_Init
 .text.HAL_TIM_Base_MspInit
                0x0000000008001b86       0x14 Drivers/STM32G4xx_HAL_Driver/Src/stm32g4xx_hal_tim.o
                0x0000000008001b86                HAL_TIM_Base_MspInit
 *fill*         0x0000000008001b9a        0x2 
 .text.HAL_TIM_Base_Start_IT
                0x0000000008001b9c       0xf0 Drivers/STM32G4xx_HAL_Driver/Src/stm32g4xx_hal_tim.o
                0x0000000008001b9c                HAL_TIM_Base_Start_IT
 .text.HAL_TIM_IRQHandler
                0x0000000008001c8c      0x2fe Drivers/STM32G4xx_HAL_Driver/Src/stm32g4xx_hal_tim.o
                0x0000000008001c8c                HAL_TIM_IRQHandler
 .text.HAL_TIM_OC_DelayElapsedCallback
                0x0000000008001f8a       0x14 Drivers/STM32G4xx_HAL_Driver/Src/stm32g4xx_hal_tim.o
                0x0000000008001f8a                HAL_TIM_OC_DelayElapsedCallback
 .text.HAL_TIM_IC_CaptureCallback
                0x0000000008001f9e       0x14 Drivers/STM32G4xx_HAL_Driver/Src/stm32g4xx_hal_tim.o
                0x0000000008001f9e                HAL_TIM_IC_CaptureCallback
 .text.HAL_TIM_PWM_PulseFinishedCallback
                0x0000000008001fb2       0x14 Drivers/STM32G4xx_HAL_Driver/Src/stm32g4xx_hal_tim.o
                0x0000000008001fb2                HAL_TIM_PWM_PulseFinishedCallback
 .text.HAL_TIM_TriggerCallback
                0x0000000008001fc6       0x14 Drivers/STM32G4xx_HAL_Driver/Src/stm32g4xx_hal_tim.o
                0x0000000008001fc6                HAL_TIM_TriggerCallback
 *fill*         0x0000000008001fda        0x2 
 .text.TIM_Base_SetConfig
                0x0000000008001fdc      0x150 Drivers/STM32G4xx_HAL_Driver/Src/stm32g4xx_hal_tim.o
                0x0000000008001fdc                TIM_Base_SetConfig
 .text.HAL_TIMEx_CommutCallback
                0x000000000800212c       0x14 Drivers/STM32G4xx_HAL_Driver/Src/stm32g4xx_hal_tim_ex.o
                0x000000000800212c                HAL_TIMEx_CommutCallback
 .text.HAL_TIMEx_BreakCallback
                0x0000000008002140       0x14 Drivers/STM32G4xx_HAL_Driver/Src/stm32g4xx_hal_tim_ex.o
                0x0000000008002140                HAL_TIMEx_BreakCallback
 .text.HAL_TIMEx_Break2Callback
                0x0000000008002154       0x14 Drivers/STM32G4xx_HAL_Driver/Src/stm32g4xx_hal_tim_ex.o
                0x0000000008002154                HAL_TIMEx_Break2Callback
 .text.HAL_TIMEx_EncoderIndexCallback
                0x0000000008002168       0x14 Drivers/STM32G4xx_HAL_Driver/Src/stm32g4xx_hal_tim_ex.o
                0x0000000008002168                HAL_TIMEx_EncoderIndexCallback
 .text.HAL_TIMEx_DirectionChangeCallback
                0x000000000800217c       0x14 Drivers/STM32G4xx_HAL_Driver/Src/stm32g4xx_hal_tim_ex.o
                0x000000000800217c                HAL_TIMEx_DirectionChangeCallback
 .text.HAL_TIMEx_IndexErrorCallback
                0x0000000008002190       0x14 Drivers/STM32G4xx_HAL_Driver/Src/stm32g4xx_hal_tim_ex.o
                0x0000000008002190                HAL_TIMEx_IndexErrorCallback
 .text.HAL_TIMEx_TransitionErrorCallback
                0x00000000080021a4       0x14 Drivers/STM32G4xx_HAL_Driver/Src/stm32g4xx_hal_tim_ex.o
                0x00000000080021a4                HAL_TIMEx_TransitionErrorCallback
 .text.makeFreeRtosPriority
                0x00000000080021b8       0x30 Middlewares/Third_Party/FreeRTOS/Source/CMSIS_RTOS/cmsis_os.o
 .text.inHandlerMode
                0x00000000080021e8       0x24 Middlewares/Third_Party/FreeRTOS/Source/CMSIS_RTOS/cmsis_os.o
 .text.osKernelStart
                0x000000000800220c        0xe Middlewares/Third_Party/FreeRTOS/Source/CMSIS_RTOS/cmsis_os.o
                0x000000000800220c                osKernelStart
 .text.osThreadCreate
                0x000000000800221a       0x4a Middlewares/Third_Party/FreeRTOS/Source/CMSIS_RTOS/cmsis_os.o
                0x000000000800221a                osThreadCreate
 .text.osMessageCreate
                0x0000000008002264       0x2e Middlewares/Third_Party/FreeRTOS/Source/CMSIS_RTOS/cmsis_os.o
                0x0000000008002264                osMessageCreate
 *fill*         0x0000000008002292        0x2 
 .text.osMessagePut
                0x0000000008002294       0x80 Middlewares/Third_Party/FreeRTOS/Source/CMSIS_RTOS/cmsis_os.o
                0x0000000008002294                osMessagePut
 .text.osMessageGet
                0x0000000008002314       0xe8 Middlewares/Third_Party/FreeRTOS/Source/CMSIS_RTOS/cmsis_os.o
                0x0000000008002314                osMessageGet
 .text.vListInitialise
                0x00000000080023fc       0x40 Middlewares/Third_Party/FreeRTOS/Source/list.o
                0x00000000080023fc                vListInitialise
 .text.vListInitialiseItem
                0x000000000800243c       0x1a Middlewares/Third_Party/FreeRTOS/Source/list.o
                0x000000000800243c                vListInitialiseItem
 .text.vListInsertEnd
                0x0000000008002456       0x48 Middlewares/Third_Party/FreeRTOS/Source/list.o
                0x0000000008002456                vListInsertEnd
 .text.vListInsert
                0x000000000800249e       0x72 Middlewares/Third_Party/FreeRTOS/Source/list.o
                0x000000000800249e                vListInsert
 .text.uxListRemove
                0x0000000008002510       0x54 Middlewares/Third_Party/FreeRTOS/Source/list.o
                0x0000000008002510                uxListRemove
 .text.xQueueGenericReset
                0x0000000008002564       0xd0 Middlewares/Third_Party/FreeRTOS/Source/queue.o
                0x0000000008002564                xQueueGenericReset
 .text.xQueueGenericCreateStatic
                0x0000000008002634       0xde Middlewares/Third_Party/FreeRTOS/Source/queue.o
                0x0000000008002634                xQueueGenericCreateStatic
 .text.prvInitialiseNewQueue
                0x0000000008002712       0x3e Middlewares/Third_Party/FreeRTOS/Source/queue.o
 .text.xQueueGenericSend
                0x0000000008002750      0x1f4 Middlewares/Third_Party/FreeRTOS/Source/queue.o
                0x0000000008002750                xQueueGenericSend
 .text.xQueueGenericSendFromISR
                0x0000000008002944      0x128 Middlewares/Third_Party/FreeRTOS/Source/queue.o
                0x0000000008002944                xQueueGenericSendFromISR
 .text.xQueueReceive
                0x0000000008002a6c      0x1b8 Middlewares/Third_Party/FreeRTOS/Source/queue.o
                0x0000000008002a6c                xQueueReceive
 .text.xQueueReceiveFromISR
                0x0000000008002c24       0xfa Middlewares/Third_Party/FreeRTOS/Source/queue.o
                0x0000000008002c24                xQueueReceiveFromISR
 .text.prvCopyDataToQueue
                0x0000000008002d1e       0xd4 Middlewares/Third_Party/FreeRTOS/Source/queue.o
 .text.prvCopyDataFromQueue
                0x0000000008002df2       0x4c Middlewares/Third_Party/FreeRTOS/Source/queue.o
 .text.prvUnlockQueue
                0x0000000008002e3e       0xa4 Middlewares/Third_Party/FreeRTOS/Source/queue.o
 .text.prvIsQueueEmpty
                0x0000000008002ee2       0x2c Middlewares/Third_Party/FreeRTOS/Source/queue.o
 .text.prvIsQueueFull
                0x0000000008002f0e       0x30 Middlewares/Third_Party/FreeRTOS/Source/queue.o
 .text.xTaskCreateStatic
                0x0000000008002f3e       0xac Middlewares/Third_Party/FreeRTOS/Source/tasks.o
                0x0000000008002f3e                xTaskCreateStatic
 .text.prvInitialiseNewTask
                0x0000000008002fea      0x10c Middlewares/Third_Party/FreeRTOS/Source/tasks.o
 *fill*         0x00000000080030f6        0x2 
 .text.prvAddNewTaskToReadyList
                0x00000000080030f8       0xd4 Middlewares/Third_Party/FreeRTOS/Source/tasks.o
 .text.vTaskDelayUntil
                0x00000000080031cc       0xf4 Middlewares/Third_Party/FreeRTOS/Source/tasks.o
                0x00000000080031cc                vTaskDelayUntil
 .text.vTaskStartScheduler
                0x00000000080032c0       0xbc Middlewares/Third_Party/FreeRTOS/Source/tasks.o
                0x00000000080032c0                vTaskStartScheduler
 .text.vTaskSuspendAll
                0x000000000800337c       0x1c Middlewares/Third_Party/FreeRTOS/Source/tasks.o
                0x000000000800337c                vTaskSuspendAll
 .text.xTaskResumeAll
                0x0000000008003398      0x138 Middlewares/Third_Party/FreeRTOS/Source/tasks.o
                0x0000000008003398                xTaskResumeAll
 .text.xTaskGetTickCount
                0x00000000080034d0       0x20 Middlewares/Third_Party/FreeRTOS/Source/tasks.o
                0x00000000080034d0                xTaskGetTickCount
 .text.xTaskIncrementTick
                0x00000000080034f0      0x170 Middlewares/Third_Party/FreeRTOS/Source/tasks.o
                0x00000000080034f0                xTaskIncrementTick
 .text.vTaskSwitchContext
                0x0000000008003660       0xb4 Middlewares/Third_Party/FreeRTOS/Source/tasks.o
                0x0000000008003660                vTaskSwitchContext
 .text.vTaskPlaceOnEventList
                0x0000000008003714       0x48 Middlewares/Third_Party/FreeRTOS/Source/tasks.o
                0x0000000008003714                vTaskPlaceOnEventList
 .text.xTaskRemoveFromEventList
                0x000000000800375c       0xc4 Middlewares/Third_Party/FreeRTOS/Source/tasks.o
                0x000000000800375c                xTaskRemoveFromEventList
 .text.vTaskInternalSetTimeOutState
                0x0000000008003820       0x2c Middlewares/Third_Party/FreeRTOS/Source/tasks.o
                0x0000000008003820                vTaskInternalSetTimeOutState
 .text.xTaskCheckForTimeOut
                0x000000000800384c       0xc0 Middlewares/Third_Party/FreeRTOS/Source/tasks.o
                0x000000000800384c                xTaskCheckForTimeOut
 .text.vTaskMissedYield
                0x000000000800390c       0x18 Middlewares/Third_Party/FreeRTOS/Source/tasks.o
                0x000000000800390c                vTaskMissedYield
 .text.prvIdleTask
                0x0000000008003924       0x30 Middlewares/Third_Party/FreeRTOS/Source/tasks.o
 .text.prvInitialiseTaskLists
                0x0000000008003954       0x80 Middlewares/Third_Party/FreeRTOS/Source/tasks.o
 .text.prvCheckTasksWaitingTermination
                0x00000000080039d4       0x58 Middlewares/Third_Party/FreeRTOS/Source/tasks.o
 .text.prvDeleteTCB
                0x0000000008003a2c       0x14 Middlewares/Third_Party/FreeRTOS/Source/tasks.o
 .text.prvResetNextTaskUnblockTime
                0x0000000008003a40       0x40 Middlewares/Third_Party/FreeRTOS/Source/tasks.o
 .text.xTaskGetSchedulerState
                0x0000000008003a80       0x3c Middlewares/Third_Party/FreeRTOS/Source/tasks.o
                0x0000000008003a80                xTaskGetSchedulerState
 .text.xTaskPriorityDisinherit
                0x0000000008003abc      0x108 Middlewares/Third_Party/FreeRTOS/Source/tasks.o
                0x0000000008003abc                xTaskPriorityDisinherit
 .text.prvAddCurrentTaskToDelayedList
                0x0000000008003bc4       0xcc Middlewares/Third_Party/FreeRTOS/Source/tasks.o
 .text.pxPortInitialiseStack
                0x0000000008003c90       0x68 Middlewares/Third_Party/FreeRTOS/Source/portable/GCC/ARM_CM4F/port.o
                0x0000000008003c90                pxPortInitialiseStack
 .text.prvTaskExitError
                0x0000000008003cf8       0x54 Middlewares/Third_Party/FreeRTOS/Source/portable/GCC/ARM_CM4F/port.o
 *fill*         0x0000000008003d4c        0x4 
 .text.SVC_Handler
                0x0000000008003d50       0x28 Middlewares/Third_Party/FreeRTOS/Source/portable/GCC/ARM_CM4F/port.o
                0x0000000008003d50                SVC_Handler
 .text.prvPortStartFirstTask
                0x0000000008003d78       0x28 Middlewares/Third_Party/FreeRTOS/Source/portable/GCC/ARM_CM4F/port.o
 .text.xPortStartScheduler
                0x0000000008003da0      0x13c Middlewares/Third_Party/FreeRTOS/Source/portable/GCC/ARM_CM4F/port.o
                0x0000000008003da0                xPortStartScheduler
 .text.vPortEnterCritical
                0x0000000008003edc       0x5c Middlewares/Third_Party/FreeRTOS/Source/portable/GCC/ARM_CM4F/port.o
                0x0000000008003edc                vPortEnterCritical
 .text.vPortExitCritical
                0x0000000008003f38       0x50 Middlewares/Third_Party/FreeRTOS/Source/portable/GCC/ARM_CM4F/port.o
                0x0000000008003f38                vPortExitCritical
 *fill*         0x0000000008003f88        0x8 
 .text.PendSV_Handler
                0x0000000008003f90       0x68 Middlewares/Third_Party/FreeRTOS/Source/portable/GCC/ARM_CM4F/port.o
                0x0000000008003f90                PendSV_Handler
 .text.SysTick_Handler
                0x0000000008003ff8       0x40 Middlewares/Third_Party/FreeRTOS/Source/portable/GCC/ARM_CM4F/port.o
                0x0000000008003ff8                SysTick_Handler
 .text.vPortSetupTimerInterrupt
                0x0000000008004038       0x48 Middlewares/Third_Party/FreeRTOS/Source/portable/GCC/ARM_CM4F/port.o
                0x0000000008004038                vPortSetupTimerInterrupt
 .text.vPortEnableVFP
                0x0000000008004080       0x14 Middlewares/Third_Party/FreeRTOS/Source/portable/GCC/ARM_CM4F/port.o
 .text.vPortValidateInterruptPriority
                0x0000000008004094       0x7c Middlewares/Third_Party/FreeRTOS/Source/portable/GCC/ARM_CM4F/port.o
                0x0000000008004094                vPortValidateInterruptPriority
 .text.__libc_init_array
                0x0000000008004110       0x48 /Applications/STM32CubeIDE.app/Contents/Eclipse/plugins/com.st.stm32cube.ide.mcu.externaltools.gnu-tools-for-stm32.7-2018-q2-update.macos64_1.4.0.202007081208/tools/bin/../lib/gcc/arm-none-eabi/7.3.1/../../../../arm-none-eabi/lib/thumb/v7e-m/fpv4-sp/hard/libc_nano.a(lib_a-init.o)
                0x0000000008004110                __libc_init_array
 .text.memcpy   0x0000000008004158       0x16 /Applications/STM32CubeIDE.app/Contents/Eclipse/plugins/com.st.stm32cube.ide.mcu.externaltools.gnu-tools-for-stm32.7-2018-q2-update.macos64_1.4.0.202007081208/tools/bin/../lib/gcc/arm-none-eabi/7.3.1/../../../../arm-none-eabi/lib/thumb/v7e-m/fpv4-sp/hard/libc_nano.a(lib_a-memcpy-stub.o)
                0x0000000008004158                memcpy
 .text.memset   0x000000000800416e       0x10 /Applications/STM32CubeIDE.app/Contents/Eclipse/plugins/com.st.stm32cube.ide.mcu.externaltools.gnu-tools-for-stm32.7-2018-q2-update.macos64_1.4.0.202007081208/tools/bin/../lib/gcc/arm-none-eabi/7.3.1/../../../../arm-none-eabi/lib/thumb/v7e-m/fpv4-sp/hard/libc_nano.a(lib_a-memset.o)
                0x000000000800416e                memset
 *(.glue_7)
 .glue_7        0x000000000800417e        0x0 linker stubs
 *(.glue_7t)
 .glue_7t       0x000000000800417e        0x0 linker stubs
 *(.eh_frame)
 *fill*         0x000000000800417e        0x2 
 .eh_frame      0x0000000008004180        0x0 /Applications/STM32CubeIDE.app/Contents/Eclipse/plugins/com.st.stm32cube.ide.mcu.externaltools.gnu-tools-for-stm32.7-2018-q2-update.macos64_1.4.0.202007081208/tools/bin/../lib/gcc/arm-none-eabi/7.3.1/thumb/v7e-m/fpv4-sp/hard/crtbegin.o
 *(.init)
 .init          0x0000000008004180        0x4 /Applications/STM32CubeIDE.app/Contents/Eclipse/plugins/com.st.stm32cube.ide.mcu.externaltools.gnu-tools-for-stm32.7-2018-q2-update.macos64_1.4.0.202007081208/tools/bin/../lib/gcc/arm-none-eabi/7.3.1/thumb/v7e-m/fpv4-sp/hard/crti.o
                0x0000000008004180                _init
 .init          0x0000000008004184        0x8 /Applications/STM32CubeIDE.app/Contents/Eclipse/plugins/com.st.stm32cube.ide.mcu.externaltools.gnu-tools-for-stm32.7-2018-q2-update.macos64_1.4.0.202007081208/tools/bin/../lib/gcc/arm-none-eabi/7.3.1/thumb/v7e-m/fpv4-sp/hard/crtn.o
 *(.fini)
 .fini          0x000000000800418c        0x4 /Applications/STM32CubeIDE.app/Contents/Eclipse/plugins/com.st.stm32cube.ide.mcu.externaltools.gnu-tools-for-stm32.7-2018-q2-update.macos64_1.4.0.202007081208/tools/bin/../lib/gcc/arm-none-eabi/7.3.1/thumb/v7e-m/fpv4-sp/hard/crti.o
                0x000000000800418c                _fini
 .fini          0x0000000008004190        0x8 /Applications/STM32CubeIDE.app/Contents/Eclipse/plugins/com.st.stm32cube.ide.mcu.externaltools.gnu-tools-for-stm32.7-2018-q2-update.macos64_1.4.0.202007081208/tools/bin/../lib/gcc/arm-none-eabi/7.3.1/thumb/v7e-m/fpv4-sp/hard/crtn.o
                0x0000000008004198                . = ALIGN (0x4)
                0x0000000008004198                _etext = .

.vfp11_veneer   0x0000000008004198        0x0
 .vfp11_veneer  0x0000000008004198        0x0 linker stubs

.v4_bx          0x0000000008004198        0x0
 .v4_bx         0x0000000008004198        0x0 linker stubs

.iplt           0x0000000008004198        0x0
 .iplt          0x0000000008004198        0x0 /Applications/STM32CubeIDE.app/Contents/Eclipse/plugins/com.st.stm32cube.ide.mcu.externaltools.gnu-tools-for-stm32.7-2018-q2-update.macos64_1.4.0.202007081208/tools/bin/../lib/gcc/arm-none-eabi/7.3.1/thumb/v7e-m/fpv4-sp/hard/crtbegin.o

.rodata         0x0000000008004198       0x78
                0x0000000008004198                . = ALIGN (0x4)
 *(.rodata)
 .rodata        0x0000000008004198       0x58 Core/Src/main.o
 .rodata        0x00000000080041f0        0x5 Middlewares/Third_Party/FreeRTOS/Source/tasks.o
 *(.rodata*)
 *fill*         0x00000000080041f5        0x3 
 .rodata.AHBPrescTable
                0x00000000080041f8       0x10 Core/Src/system_stm32g4xx.o
                0x00000000080041f8                AHBPrescTable
 .rodata.APBPrescTable
                0x0000000008004208        0x8 Core/Src/system_stm32g4xx.o
                0x0000000008004208                APBPrescTable
                0x0000000008004210                . = ALIGN (0x4)

.rel.dyn        0x0000000008004210        0x0
 .rel.iplt      0x0000000008004210        0x0 /Applications/STM32CubeIDE.app/Contents/Eclipse/plugins/com.st.stm32cube.ide.mcu.externaltools.gnu-tools-for-stm32.7-2018-q2-update.macos64_1.4.0.202007081208/tools/bin/../lib/gcc/arm-none-eabi/7.3.1/thumb/v7e-m/fpv4-sp/hard/crtbegin.o

.ARM.extab      0x0000000008004210        0x0
                0x0000000008004210                . = ALIGN (0x4)
 *(.ARM.extab* .gnu.linkonce.armextab.*)
                0x0000000008004210                . = ALIGN (0x4)

.ARM            0x0000000008004210        0x0
                0x0000000008004210                . = ALIGN (0x4)
                0x0000000008004210                __exidx_start = .
 *(.ARM.exidx*)
                0x0000000008004210                __exidx_end = .
                0x0000000008004210                . = ALIGN (0x4)

.preinit_array  0x0000000008004210        0x0
                0x0000000008004210                . = ALIGN (0x4)
                0x0000000008004210                PROVIDE (__preinit_array_start = .)
 *(.preinit_array*)
                0x0000000008004210                PROVIDE (__preinit_array_end = .)
                0x0000000008004210                . = ALIGN (0x4)

.start_of_ram   0x0000000020000000        0x0
                0x0000000020000000                _start_of_ram = .

.init_array     0x0000000008004210        0x4
                0x0000000008004210                . = ALIGN (0x4)
                0x0000000008004210                PROVIDE (__init_array_start = .)
 *(SORT_BY_NAME(.init_array.*))
 *(.init_array*)
 .init_array    0x0000000008004210        0x4 /Applications/STM32CubeIDE.app/Contents/Eclipse/plugins/com.st.stm32cube.ide.mcu.externaltools.gnu-tools-for-stm32.7-2018-q2-update.macos64_1.4.0.202007081208/tools/bin/../lib/gcc/arm-none-eabi/7.3.1/thumb/v7e-m/fpv4-sp/hard/crtbegin.o
                0x0000000008004214                PROVIDE (__init_array_end = .)
                0x0000000008004214                . = ALIGN (0x4)

.fini_array     0x0000000008004214        0x4
                0x0000000008004214                . = ALIGN (0x4)
                [!provide]                        PROVIDE (__fini_array_start = .)
 *(SORT_BY_NAME(.fini_array.*))
 *(.fini_array*)
 .fini_array    0x0000000008004214        0x4 /Applications/STM32CubeIDE.app/Contents/Eclipse/plugins/com.st.stm32cube.ide.mcu.externaltools.gnu-tools-for-stm32.7-2018-q2-update.macos64_1.4.0.202007081208/tools/bin/../lib/gcc/arm-none-eabi/7.3.1/thumb/v7e-m/fpv4-sp/hard/crtbegin.o
                [!provide]                        PROVIDE (__fini_array_end = .)
                0x0000000008004218                . = ALIGN (0x4)
                0x0000000008004218                _sidata = LOADADDR (.data)

.data           0x0000000020000000       0x14 load address 0x0000000008004218
                0x0000000020000000                . = ALIGN (0x4)
                0x0000000020000000                _sdata = .
 *(.data)
 *(.data*)
 .data.g_crash_config
                0x0000000020000000        0x4 Core/Src/main.o
                0x0000000020000000                g_crash_config
 .data.SystemCoreClock
                0x0000000020000004        0x4 Core/Src/system_stm32g4xx.o
                0x0000000020000004                SystemCoreClock
 .data.uwTickPrio
                0x0000000020000008        0x4 Drivers/STM32G4xx_HAL_Driver/Src/stm32g4xx_hal.o
                0x0000000020000008                uwTickPrio
 .data.uwTickFreq
                0x000000002000000c        0x4 Drivers/STM32G4xx_HAL_Driver/Src/stm32g4xx_hal.o
                0x000000002000000c                uwTickFreq
 .data.uxCriticalNesting
                0x0000000020000010        0x4 Middlewares/Third_Party/FreeRTOS/Source/portable/GCC/ARM_CM4F/port.o
                0x0000000020000014                . = ALIGN (0x4)
                0x0000000020000014                _edata = .

.igot.plt       0x0000000020000014        0x0 load address 0x000000000800422c
 .igot.plt      0x0000000020000014        0x0 /Applications/STM32CubeIDE.app/Contents/Eclipse/plugins/com.st.stm32cube.ide.mcu.externaltools.gnu-tools-for-stm32.7-2018-q2-update.macos64_1.4.0.202007081208/tools/bin/../lib/gcc/arm-none-eabi/7.3.1/thumb/v7e-m/fpv4-sp/hard/crtbegin.o
                0x0000000020000014                . = ALIGN (0x4)

.bss            0x0000000020000014      0x8f8 load address 0x000000000800422c
                0x0000000020000014                _sbss = .
                0x0000000020000014                __bss_start__ = _sbss
 *(.bss)
 .bss           0x0000000020000014       0x1c /Applications/STM32CubeIDE.app/Contents/Eclipse/plugins/com.st.stm32cube.ide.mcu.externaltools.gnu-tools-for-stm32.7-2018-q2-update.macos64_1.4.0.202007081208/tools/bin/../lib/gcc/arm-none-eabi/7.3.1/thumb/v7e-m/fpv4-sp/hard/crtbegin.o
 *(.bss*)
 .bss.xIdleTaskTCBBuffer
                0x0000000020000030       0x54 Core/Src/app_freertos.o
 .bss.xIdleStack
                0x0000000020000084      0x200 Core/Src/app_freertos.o
 .bss.pxCurrentTCB
                0x0000000020000284        0x4 Middlewares/Third_Party/FreeRTOS/Source/tasks.o
                0x0000000020000284                pxCurrentTCB
 .bss.pxReadyTasksLists
                0x0000000020000288       0x8c Middlewares/Third_Party/FreeRTOS/Source/tasks.o
 .bss.xDelayedTaskList1
                0x0000000020000314       0x14 Middlewares/Third_Party/FreeRTOS/Source/tasks.o
 .bss.xDelayedTaskList2
                0x0000000020000328       0x14 Middlewares/Third_Party/FreeRTOS/Source/tasks.o
 .bss.pxDelayedTaskList
                0x000000002000033c        0x4 Middlewares/Third_Party/FreeRTOS/Source/tasks.o
 .bss.pxOverflowDelayedTaskList
                0x0000000020000340        0x4 Middlewares/Third_Party/FreeRTOS/Source/tasks.o
 .bss.xPendingReadyList
                0x0000000020000344       0x14 Middlewares/Third_Party/FreeRTOS/Source/tasks.o
 .bss.xTasksWaitingTermination
                0x0000000020000358       0x14 Middlewares/Third_Party/FreeRTOS/Source/tasks.o
 .bss.uxDeletedTasksWaitingCleanUp
                0x000000002000036c        0x4 Middlewares/Third_Party/FreeRTOS/Source/tasks.o
 .bss.xSuspendedTaskList
                0x0000000020000370       0x14 Middlewares/Third_Party/FreeRTOS/Source/tasks.o
 .bss.uxCurrentNumberOfTasks
                0x0000000020000384        0x4 Middlewares/Third_Party/FreeRTOS/Source/tasks.o
 .bss.xTickCount
                0x0000000020000388        0x4 Middlewares/Third_Party/FreeRTOS/Source/tasks.o
 .bss.uxTopReadyPriority
                0x000000002000038c        0x4 Middlewares/Third_Party/FreeRTOS/Source/tasks.o
 .bss.xSchedulerRunning
                0x0000000020000390        0x4 Middlewares/Third_Party/FreeRTOS/Source/tasks.o
 .bss.uxPendedTicks
                0x0000000020000394        0x4 Middlewares/Third_Party/FreeRTOS/Source/tasks.o
 .bss.xYieldPending
                0x0000000020000398        0x4 Middlewares/Third_Party/FreeRTOS/Source/tasks.o
 .bss.xNumOfOverflows
                0x000000002000039c        0x4 Middlewares/Third_Party/FreeRTOS/Source/tasks.o
 .bss.uxTaskNumber
                0x00000000200003a0        0x4 Middlewares/Third_Party/FreeRTOS/Source/tasks.o
 .bss.xNextTaskUnblockTime
                0x00000000200003a4        0x4 Middlewares/Third_Party/FreeRTOS/Source/tasks.o
 .bss.xIdleTaskHandle
                0x00000000200003a8        0x4 Middlewares/Third_Party/FreeRTOS/Source/tasks.o
 .bss.uxSchedulerSuspended
                0x00000000200003ac        0x4 Middlewares/Third_Party/FreeRTOS/Source/tasks.o
 .bss.ucMaxSysCallPriority
                0x00000000200003b0        0x1 Middlewares/Third_Party/FreeRTOS/Source/portable/GCC/ARM_CM4F/port.o
 *fill*         0x00000000200003b1        0x3 
 .bss.ulMaxPRIGROUPValue
                0x00000000200003b4        0x4 Middlewares/Third_Party/FreeRTOS/Source/portable/GCC/ARM_CM4F/port.o
 *(COMMON)
 COMMON         0x00000000200003b8        0x4 Core/Src/app_freertos.o
                0x00000000200003b8                g_unaligned_buffer
 COMMON         0x00000000200003bc      0x500 Core/Src/main.o
                0x00000000200003bc                pongTaskBuffer
                0x00000000200005bc                pongHandle
                0x00000000200005c0                pingHandle
                0x00000000200005c4                pingTaskControlBlock
                0x0000000020000618                theQueueControlBlock
                0x0000000020000660                pongTaskControlBlock
                0x00000000200006b4                theQueueBuffer
                0x00000000200006b8                theQueueHandle
                0x00000000200006bc                pingTaskBuffer
 COMMON         0x00000000200008bc       0x4c Core/Src/stm32g4xx_hal_timebase_tim.o
                0x00000000200008bc                htim17
 COMMON         0x0000000020000908        0x4 Drivers/STM32G4xx_HAL_Driver/Src/stm32g4xx_hal.o
                0x0000000020000908                uwTick
                0x000000002000090c                . = ALIGN (0x4)
                0x000000002000090c                _ebss = .
                0x000000002000090c                __bss_end__ = _ebss

._user_heap_stack
                0x000000002000090c      0x604 load address 0x000000000800422c
                0x0000000020000910                . = ALIGN (0x8)
 *fill*         0x000000002000090c        0x4 
                [!provide]                        PROVIDE (end = .)
                0x0000000020000910                PROVIDE (_end = .)
                0x0000000020000b10                . = (. + _Min_Heap_Size)
 *fill*         0x0000000020000910      0x200 
                0x0000000020000f10                . = (. + _Min_Stack_Size)
 *fill*         0x0000000020000b10      0x400 
                0x0000000020000f10                . = ALIGN (0x8)

/DISCARD/
 libc.a(*)
 libm.a(*)
 libgcc.a(*)

.ARM.attributes
                0x0000000000000000       0x30
 *(.ARM.attributes)
 .ARM.attributes
                0x0000000000000000       0x22 /Applications/STM32CubeIDE.app/Contents/Eclipse/plugins/com.st.stm32cube.ide.mcu.externaltools.gnu-tools-for-stm32.7-2018-q2-update.macos64_1.4.0.202007081208/tools/bin/../lib/gcc/arm-none-eabi/7.3.1/thumb/v7e-m/fpv4-sp/hard/crti.o
 .ARM.attributes
                0x0000000000000022       0x34 /Applications/STM32CubeIDE.app/Contents/Eclipse/plugins/com.st.stm32cube.ide.mcu.externaltools.gnu-tools-for-stm32.7-2018-q2-update.macos64_1.4.0.202007081208/tools/bin/../lib/gcc/arm-none-eabi/7.3.1/thumb/v7e-m/fpv4-sp/hard/crtbegin.o
 .ARM.attributes
                0x0000000000000056       0x39 Core/Src/app_freertos.o
 .ARM.attributes
                0x000000000000008f       0x39 Core/Src/main.o
 .ARM.attributes
                0x00000000000000c8       0x39 Core/Src/stm32g4xx_hal_msp.o
 .ARM.attributes
                0x0000000000000101       0x39 Core/Src/stm32g4xx_hal_timebase_tim.o
 .ARM.attributes
                0x000000000000013a       0x39 Core/Src/stm32g4xx_it.o
 .ARM.attributes
                0x0000000000000173       0x39 Core/Src/system_stm32g4xx.o
 .ARM.attributes
                0x00000000000001ac       0x21 Core/Startup/startup_stm32g474retx.o
 .ARM.attributes
                0x00000000000001cd       0x39 Drivers/STM32G4xx_HAL_Driver/Src/stm32g4xx_hal.o
 .ARM.attributes
                0x0000000000000206       0x39 Drivers/STM32G4xx_HAL_Driver/Src/stm32g4xx_hal_cortex.o
 .ARM.attributes
                0x000000000000023f       0x39 Drivers/STM32G4xx_HAL_Driver/Src/stm32g4xx_hal_gpio.o
 .ARM.attributes
                0x0000000000000278       0x39 Drivers/STM32G4xx_HAL_Driver/Src/stm32g4xx_hal_pwr_ex.o
 .ARM.attributes
                0x00000000000002b1       0x39 Drivers/STM32G4xx_HAL_Driver/Src/stm32g4xx_hal_rcc.o
 .ARM.attributes
                0x00000000000002ea       0x39 Drivers/STM32G4xx_HAL_Driver/Src/stm32g4xx_hal_tim.o
 .ARM.attributes
                0x0000000000000323       0x39 Drivers/STM32G4xx_HAL_Driver/Src/stm32g4xx_hal_tim_ex.o
 .ARM.attributes
                0x000000000000035c       0x39 Middlewares/Third_Party/FreeRTOS/Source/CMSIS_RTOS/cmsis_os.o
 .ARM.attributes
                0x0000000000000395       0x39 Middlewares/Third_Party/FreeRTOS/Source/list.o
 .ARM.attributes
                0x00000000000003ce       0x39 Middlewares/Third_Party/FreeRTOS/Source/queue.o
 .ARM.attributes
                0x0000000000000407       0x39 Middlewares/Third_Party/FreeRTOS/Source/tasks.o
 .ARM.attributes
                0x0000000000000440       0x39 Middlewares/Third_Party/FreeRTOS/Source/portable/GCC/ARM_CM4F/port.o
 .ARM.attributes
                0x0000000000000479       0x34 /Applications/STM32CubeIDE.app/Contents/Eclipse/plugins/com.st.stm32cube.ide.mcu.externaltools.gnu-tools-for-stm32.7-2018-q2-update.macos64_1.4.0.202007081208/tools/bin/../lib/gcc/arm-none-eabi/7.3.1/../../../../arm-none-eabi/lib/thumb/v7e-m/fpv4-sp/hard/libc_nano.a(lib_a-init.o)
 .ARM.attributes
                0x00000000000004ad       0x34 /Applications/STM32CubeIDE.app/Contents/Eclipse/plugins/com.st.stm32cube.ide.mcu.externaltools.gnu-tools-for-stm32.7-2018-q2-update.macos64_1.4.0.202007081208/tools/bin/../lib/gcc/arm-none-eabi/7.3.1/../../../../arm-none-eabi/lib/thumb/v7e-m/fpv4-sp/hard/libc_nano.a(lib_a-memcpy-stub.o)
 .ARM.attributes
                0x00000000000004e1       0x34 /Applications/STM32CubeIDE.app/Contents/Eclipse/plugins/com.st.stm32cube.ide.mcu.externaltools.gnu-tools-for-stm32.7-2018-q2-update.macos64_1.4.0.202007081208/tools/bin/../lib/gcc/arm-none-eabi/7.3.1/../../../../arm-none-eabi/lib/thumb/v7e-m/fpv4-sp/hard/libc_nano.a(lib_a-memset.o)
 .ARM.attributes
                0x0000000000000515       0x22 /Applications/STM32CubeIDE.app/Contents/Eclipse/plugins/com.st.stm32cube.ide.mcu.externaltools.gnu-tools-for-stm32.7-2018-q2-update.macos64_1.4.0.202007081208/tools/bin/../lib/gcc/arm-none-eabi/7.3.1/thumb/v7e-m/fpv4-sp/hard/crtn.o
                0x0000000020000000                __ram_start__ = ORIGIN (RAM)
OUTPUT(G474.elf elf32-littlearm)

.debug_info     0x0000000000000000    0x13777
 .debug_info    0x0000000000000000      0x43c Core/Src/app_freertos.o
 .debug_info    0x000000000000043c     0x1796 Core/Src/main.o
 .debug_info    0x0000000000001bd2      0x4db Core/Src/stm32g4xx_hal_msp.o
 .debug_info    0x00000000000020ad      0xf07 Core/Src/stm32g4xx_hal_timebase_tim.o
 .debug_info    0x0000000000002fb4      0xaa8 Core/Src/stm32g4xx_it.o
 .debug_info    0x0000000000003a5c      0x6af Core/Src/system_stm32g4xx.o
 .debug_info    0x000000000000410b       0x22 Core/Startup/startup_stm32g474retx.o
 .debug_info    0x000000000000412d      0xc64 Drivers/STM32G4xx_HAL_Driver/Src/stm32g4xx_hal.o
 .debug_info    0x0000000000004d91      0xf75 Drivers/STM32G4xx_HAL_Driver/Src/stm32g4xx_hal_cortex.o
 .debug_info    0x0000000000005d06      0x978 Drivers/STM32G4xx_HAL_Driver/Src/stm32g4xx_hal_gpio.o
 .debug_info    0x000000000000667e      0xa9c Drivers/STM32G4xx_HAL_Driver/Src/stm32g4xx_hal_pwr_ex.o
 .debug_info    0x000000000000711a      0xd03 Drivers/STM32G4xx_HAL_Driver/Src/stm32g4xx_hal_rcc.o
 .debug_info    0x0000000000007e1d     0x2b3d Drivers/STM32G4xx_HAL_Driver/Src/stm32g4xx_hal_tim.o
 .debug_info    0x000000000000a95a     0x1ca9 Drivers/STM32G4xx_HAL_Driver/Src/stm32g4xx_hal_tim_ex.o
 .debug_info    0x000000000000c603     0x1e2c Middlewares/Third_Party/FreeRTOS/Source/CMSIS_RTOS/cmsis_os.o
 .debug_info    0x000000000000e42f      0xacb Middlewares/Third_Party/FreeRTOS/Source/list.o
 .debug_info    0x000000000000eefa     0x1eca Middlewares/Third_Party/FreeRTOS/Source/queue.o
 .debug_info    0x0000000000010dc4     0x2480 Middlewares/Third_Party/FreeRTOS/Source/tasks.o
 .debug_info    0x0000000000013244      0x533 Middlewares/Third_Party/FreeRTOS/Source/portable/GCC/ARM_CM4F/port.o

.debug_abbrev   0x0000000000000000     0x2854
 .debug_abbrev  0x0000000000000000      0x136 Core/Src/app_freertos.o
 .debug_abbrev  0x0000000000000136      0x35d Core/Src/main.o
 .debug_abbrev  0x0000000000000493      0x13d Core/Src/stm32g4xx_hal_msp.o
 .debug_abbrev  0x00000000000005d0      0x1c8 Core/Src/stm32g4xx_hal_timebase_tim.o
 .debug_abbrev  0x0000000000000798      0x1e6 Core/Src/stm32g4xx_it.o
 .debug_abbrev  0x000000000000097e      0x147 Core/Src/system_stm32g4xx.o
 .debug_abbrev  0x0000000000000ac5       0x12 Core/Startup/startup_stm32g474retx.o
 .debug_abbrev  0x0000000000000ad7      0x1fb Drivers/STM32G4xx_HAL_Driver/Src/stm32g4xx_hal.o
 .debug_abbrev  0x0000000000000cd2      0x2f1 Drivers/STM32G4xx_HAL_Driver/Src/stm32g4xx_hal_cortex.o
 .debug_abbrev  0x0000000000000fc3      0x1c0 Drivers/STM32G4xx_HAL_Driver/Src/stm32g4xx_hal_gpio.o
 .debug_abbrev  0x0000000000001183      0x1fd Drivers/STM32G4xx_HAL_Driver/Src/stm32g4xx_hal_pwr_ex.o
 .debug_abbrev  0x0000000000001380      0x245 Drivers/STM32G4xx_HAL_Driver/Src/stm32g4xx_hal_rcc.o
 .debug_abbrev  0x00000000000015c5      0x25b Drivers/STM32G4xx_HAL_Driver/Src/stm32g4xx_hal_tim.o
 .debug_abbrev  0x0000000000001820      0x261 Drivers/STM32G4xx_HAL_Driver/Src/stm32g4xx_hal_tim_ex.o
 .debug_abbrev  0x0000000000001a81      0x386 Middlewares/Third_Party/FreeRTOS/Source/CMSIS_RTOS/cmsis_os.o
 .debug_abbrev  0x0000000000001e07      0x1cf Middlewares/Third_Party/FreeRTOS/Source/list.o
 .debug_abbrev  0x0000000000001fd6      0x336 Middlewares/Third_Party/FreeRTOS/Source/queue.o
 .debug_abbrev  0x000000000000230c      0x338 Middlewares/Third_Party/FreeRTOS/Source/tasks.o
 .debug_abbrev  0x0000000000002644      0x210 Middlewares/Third_Party/FreeRTOS/Source/portable/GCC/ARM_CM4F/port.o

.debug_aranges  0x0000000000000000     0x1188
 .debug_aranges
                0x0000000000000000       0x20 Core/Src/app_freertos.o
 .debug_aranges
                0x0000000000000020       0xa0 Core/Src/main.o
 .debug_aranges
                0x00000000000000c0       0x20 Core/Src/stm32g4xx_hal_msp.o
 .debug_aranges
                0x00000000000000e0       0x30 Core/Src/stm32g4xx_hal_timebase_tim.o
 .debug_aranges
                0x0000000000000110       0x58 Core/Src/stm32g4xx_it.o
 .debug_aranges
                0x0000000000000168       0x28 Core/Src/system_stm32g4xx.o
 .debug_aranges
                0x0000000000000190       0x28 Core/Startup/startup_stm32g474retx.o
 .debug_aranges
                0x00000000000001b8      0x130 Drivers/STM32G4xx_HAL_Driver/Src/stm32g4xx_hal.o
 .debug_aranges
                0x00000000000002e8      0x118 Drivers/STM32G4xx_HAL_Driver/Src/stm32g4xx_hal_cortex.o
 .debug_aranges
                0x0000000000000400       0x58 Drivers/STM32G4xx_HAL_Driver/Src/stm32g4xx_hal_gpio.o
 .debug_aranges
                0x0000000000000458      0x140 Drivers/STM32G4xx_HAL_Driver/Src/stm32g4xx_hal_pwr_ex.o
 .debug_aranges
                0x0000000000000598       0x98 Drivers/STM32G4xx_HAL_Driver/Src/stm32g4xx_hal_rcc.o
 .debug_aranges
                0x0000000000000630      0x3e0 Drivers/STM32G4xx_HAL_Driver/Src/stm32g4xx_hal_tim.o
 .debug_aranges
                0x0000000000000a10      0x240 Drivers/STM32G4xx_HAL_Driver/Src/stm32g4xx_hal_tim_ex.o
 .debug_aranges
                0x0000000000000c50      0x1d8 Middlewares/Third_Party/FreeRTOS/Source/CMSIS_RTOS/cmsis_os.o
 .debug_aranges
                0x0000000000000e28       0x40 Middlewares/Third_Party/FreeRTOS/Source/list.o
 .debug_aranges
                0x0000000000000e68       0xf8 Middlewares/Third_Party/FreeRTOS/Source/queue.o
 .debug_aranges
                0x0000000000000f60      0x1a8 Middlewares/Third_Party/FreeRTOS/Source/tasks.o
 .debug_aranges
                0x0000000000001108       0x80 Middlewares/Third_Party/FreeRTOS/Source/portable/GCC/ARM_CM4F/port.o

.debug_ranges   0x0000000000000000     0x1060
 .debug_ranges  0x0000000000000000       0x10 Core/Src/app_freertos.o
 .debug_ranges  0x0000000000000010       0x90 Core/Src/main.o
 .debug_ranges  0x00000000000000a0       0x10 Core/Src/stm32g4xx_hal_msp.o
 .debug_ranges  0x00000000000000b0       0x20 Core/Src/stm32g4xx_hal_timebase_tim.o
 .debug_ranges  0x00000000000000d0       0x48 Core/Src/stm32g4xx_it.o
 .debug_ranges  0x0000000000000118       0x18 Core/Src/system_stm32g4xx.o
 .debug_ranges  0x0000000000000130       0x20 Core/Startup/startup_stm32g474retx.o
 .debug_ranges  0x0000000000000150      0x120 Drivers/STM32G4xx_HAL_Driver/Src/stm32g4xx_hal.o
 .debug_ranges  0x0000000000000270      0x108 Drivers/STM32G4xx_HAL_Driver/Src/stm32g4xx_hal_cortex.o
 .debug_ranges  0x0000000000000378       0x48 Drivers/STM32G4xx_HAL_Driver/Src/stm32g4xx_hal_gpio.o
 .debug_ranges  0x00000000000003c0      0x130 Drivers/STM32G4xx_HAL_Driver/Src/stm32g4xx_hal_pwr_ex.o
 .debug_ranges  0x00000000000004f0       0x88 Drivers/STM32G4xx_HAL_Driver/Src/stm32g4xx_hal_rcc.o
 .debug_ranges  0x0000000000000578      0x3d0 Drivers/STM32G4xx_HAL_Driver/Src/stm32g4xx_hal_tim.o
 .debug_ranges  0x0000000000000948      0x230 Drivers/STM32G4xx_HAL_Driver/Src/stm32g4xx_hal_tim_ex.o
 .debug_ranges  0x0000000000000b78      0x1c8 Middlewares/Third_Party/FreeRTOS/Source/CMSIS_RTOS/cmsis_os.o
 .debug_ranges  0x0000000000000d40       0x30 Middlewares/Third_Party/FreeRTOS/Source/list.o
 .debug_ranges  0x0000000000000d70       0xe8 Middlewares/Third_Party/FreeRTOS/Source/queue.o
 .debug_ranges  0x0000000000000e58      0x198 Middlewares/Third_Party/FreeRTOS/Source/tasks.o
 .debug_ranges  0x0000000000000ff0       0x70 Middlewares/Third_Party/FreeRTOS/Source/portable/GCC/ARM_CM4F/port.o

.debug_macro    0x0000000000000000    0x25e12
 .debug_macro   0x0000000000000000      0x231 Core/Src/app_freertos.o
 .debug_macro   0x0000000000000231      0xa5a Core/Src/app_freertos.o
 .debug_macro   0x0000000000000c8b      0x174 Core/Src/app_freertos.o
 .debug_macro   0x0000000000000dff       0x22 Core/Src/app_freertos.o
 .debug_macro   0x0000000000000e21       0x8e Core/Src/app_freertos.o
 .debug_macro   0x0000000000000eaf       0x51 Core/Src/app_freertos.o
 .debug_macro   0x0000000000000f00       0xef Core/Src/app_freertos.o
 .debug_macro   0x0000000000000fef       0x6a Core/Src/app_freertos.o
 .debug_macro   0x0000000000001059      0x1df Core/Src/app_freertos.o
 .debug_macro   0x0000000000001238       0xe3 Core/Src/app_freertos.o
 .debug_macro   0x000000000000131b      0x15a Core/Src/app_freertos.o
 .debug_macro   0x0000000000001475       0xde Core/Src/app_freertos.o
 .debug_macro   0x0000000000001553       0x1c Core/Src/app_freertos.o
 .debug_macro   0x000000000000156f       0x26 Core/Src/app_freertos.o
 .debug_macro   0x0000000000001595      0x4e8 Core/Src/app_freertos.o
 .debug_macro   0x0000000000001a7d       0xb5 Core/Src/app_freertos.o
 .debug_macro   0x0000000000001b32       0xaa Core/Src/app_freertos.o
 .debug_macro   0x0000000000001bdc      0x155 Core/Src/app_freertos.o
 .debug_macro   0x0000000000001d31       0x2e Core/Src/app_freertos.o
 .debug_macro   0x0000000000001d5f       0x28 Core/Src/app_freertos.o
 .debug_macro   0x0000000000001d87       0x1c Core/Src/app_freertos.o
 .debug_macro   0x0000000000001da3       0x22 Core/Src/app_freertos.o
 .debug_macro   0x0000000000001dc5      0x101 Core/Src/app_freertos.o
 .debug_macro   0x0000000000001ec6     0x1011 Core/Src/app_freertos.o
 .debug_macro   0x0000000000002ed7      0x11f Core/Src/app_freertos.o
 .debug_macro   0x0000000000002ff6    0x18597 Core/Src/app_freertos.o
 .debug_macro   0x000000000001b58d       0x43 Core/Src/app_freertos.o
 .debug_macro   0x000000000001b5d0     0x34ed Core/Src/app_freertos.o
 .debug_macro   0x000000000001eabd       0x5a Core/Src/app_freertos.o
 .debug_macro   0x000000000001eb17     0x16e0 Core/Src/app_freertos.o
 .debug_macro   0x00000000000201f7      0x600 Core/Src/app_freertos.o
 .debug_macro   0x00000000000207f7      0x137 Core/Src/app_freertos.o
 .debug_macro   0x000000000002092e      0x34b Core/Src/app_freertos.o
 .debug_macro   0x0000000000020c79      0x53c Core/Src/app_freertos.o
 .debug_macro   0x00000000000211b5      0x18b Core/Src/app_freertos.o
 .debug_macro   0x0000000000021340       0x43 Core/Src/app_freertos.o
 .debug_macro   0x0000000000021383      0x23d Core/Src/app_freertos.o
 .debug_macro   0x00000000000215c0      0x212 Core/Src/app_freertos.o
 .debug_macro   0x00000000000217d2      0x45c Core/Src/app_freertos.o
 .debug_macro   0x0000000000021c2e      0x11c Core/Src/app_freertos.o
 .debug_macro   0x0000000000021d4a      0x122 Core/Src/app_freertos.o
 .debug_macro   0x0000000000021e6c      0x3d1 Core/Src/app_freertos.o
 .debug_macro   0x000000000002223d      0xbef Core/Src/app_freertos.o
 .debug_macro   0x0000000000022e2c      0x71a Core/Src/app_freertos.o
 .debug_macro   0x0000000000023546      0x359 Core/Src/app_freertos.o
 .debug_macro   0x000000000002389f       0x10 Core/Src/app_freertos.o
 .debug_macro   0x00000000000238af      0x294 Core/Src/main.o
 .debug_macro   0x0000000000023b43       0xe3 Core/Src/main.o
 .debug_macro   0x0000000000023c26       0x91 Core/Src/main.o
 .debug_macro   0x0000000000023cb7       0x86 Core/Src/main.o
 .debug_macro   0x0000000000023d3d       0x63 Core/Src/main.o
 .debug_macro   0x0000000000023da0       0x19 Core/Src/main.o
 .debug_macro   0x0000000000023db9       0xf2 Core/Src/main.o
 .debug_macro   0x0000000000023eab      0x1c9 Core/Src/stm32g4xx_hal_msp.o
 .debug_macro   0x0000000000024074      0x1ba Core/Src/stm32g4xx_hal_timebase_tim.o
 .debug_macro   0x000000000002422e      0x1df Core/Src/stm32g4xx_it.o
 .debug_macro   0x000000000002440d      0x1c0 Core/Src/system_stm32g4xx.o
 .debug_macro   0x00000000000245cd      0x208 Drivers/STM32G4xx_HAL_Driver/Src/stm32g4xx_hal.o
 .debug_macro   0x00000000000247d5      0x1ba Drivers/STM32G4xx_HAL_Driver/Src/stm32g4xx_hal_cortex.o
 .debug_macro   0x000000000002498f      0x1f2 Drivers/STM32G4xx_HAL_Driver/Src/stm32g4xx_hal_gpio.o
 .debug_macro   0x0000000000024b81      0x1e4 Drivers/STM32G4xx_HAL_Driver/Src/stm32g4xx_hal_pwr_ex.o
 .debug_macro   0x0000000000024d65      0x1f6 Drivers/STM32G4xx_HAL_Driver/Src/stm32g4xx_hal_rcc.o
 .debug_macro   0x0000000000024f5b      0x1c2 Drivers/STM32G4xx_HAL_Driver/Src/stm32g4xx_hal_tim.o
 .debug_macro   0x000000000002511d      0x1c0 Drivers/STM32G4xx_HAL_Driver/Src/stm32g4xx_hal_tim_ex.o
 .debug_macro   0x00000000000252dd      0x1f1 Middlewares/Third_Party/FreeRTOS/Source/CMSIS_RTOS/cmsis_os.o
 .debug_macro   0x00000000000254ce       0x10 Middlewares/Third_Party/FreeRTOS/Source/CMSIS_RTOS/cmsis_os.o
 .debug_macro   0x00000000000254de       0x20 Middlewares/Third_Party/FreeRTOS/Source/CMSIS_RTOS/cmsis_os.o
 .debug_macro   0x00000000000254fe       0xe9 Middlewares/Third_Party/FreeRTOS/Source/CMSIS_RTOS/cmsis_os.o
 .debug_macro   0x00000000000255e7      0x17a Middlewares/Third_Party/FreeRTOS/Source/list.o
 .debug_macro   0x0000000000025761      0x209 Middlewares/Third_Party/FreeRTOS/Source/queue.o
 .debug_macro   0x000000000002596a       0x16 Middlewares/Third_Party/FreeRTOS/Source/queue.o
 .debug_macro   0x0000000000025980       0x80 Middlewares/Third_Party/FreeRTOS/Source/queue.o
 .debug_macro   0x0000000000025a00      0x26c Middlewares/Third_Party/FreeRTOS/Source/tasks.o
 .debug_macro   0x0000000000025c6c       0x10 Middlewares/Third_Party/FreeRTOS/Source/tasks.o
 .debug_macro   0x0000000000025c7c      0x196 Middlewares/Third_Party/FreeRTOS/Source/portable/GCC/ARM_CM4F/port.o

.debug_line     0x0000000000000000     0xdc47
 .debug_line    0x0000000000000000      0x7d7 Core/Src/app_freertos.o
 .debug_line    0x00000000000007d7      0x9f0 Core/Src/main.o
 .debug_line    0x00000000000011c7      0x6da Core/Src/stm32g4xx_hal_msp.o
 .debug_line    0x00000000000018a1      0x70f Core/Src/stm32g4xx_hal_timebase_tim.o
 .debug_line    0x0000000000001fb0      0x789 Core/Src/stm32g4xx_it.o
 .debug_line    0x0000000000002739      0x6f3 Core/Src/system_stm32g4xx.o
 .debug_line    0x0000000000002e2c       0x89 Core/Startup/startup_stm32g474retx.o
 .debug_line    0x0000000000002eb5      0x979 Drivers/STM32G4xx_HAL_Driver/Src/stm32g4xx_hal.o
 .debug_line    0x000000000000382e      0xa01 Drivers/STM32G4xx_HAL_Driver/Src/stm32g4xx_hal_cortex.o
 .debug_line    0x000000000000422f      0x87b Drivers/STM32G4xx_HAL_Driver/Src/stm32g4xx_hal_gpio.o
 .debug_line    0x0000000000004aaa      0xa64 Drivers/STM32G4xx_HAL_Driver/Src/stm32g4xx_hal_pwr_ex.o
 .debug_line    0x000000000000550e      0x9b8 Drivers/STM32G4xx_HAL_Driver/Src/stm32g4xx_hal_rcc.o
 .debug_line    0x0000000000005ec6     0x296c Drivers/STM32G4xx_HAL_Driver/Src/stm32g4xx_hal_tim.o
 .debug_line    0x0000000000008832     0x18cf Drivers/STM32G4xx_HAL_Driver/Src/stm32g4xx_hal_tim_ex.o
 .debug_line    0x000000000000a101      0xcc5 Middlewares/Third_Party/FreeRTOS/Source/CMSIS_RTOS/cmsis_os.o
 .debug_line    0x000000000000adc6      0x6a8 Middlewares/Third_Party/FreeRTOS/Source/list.o
 .debug_line    0x000000000000b46e      0xf68 Middlewares/Third_Party/FreeRTOS/Source/queue.o
 .debug_line    0x000000000000c3d6     0x119e Middlewares/Third_Party/FreeRTOS/Source/tasks.o
 .debug_line    0x000000000000d574      0x6d3 Middlewares/Third_Party/FreeRTOS/Source/portable/GCC/ARM_CM4F/port.o

.debug_str      0x0000000000000000    0xf9ef6
 .debug_str     0x0000000000000000    0xee17f Core/Src/app_freertos.o
                                      0xee471 (size before relaxing)
 .debug_str     0x00000000000ee17f     0x2e05 Core/Src/main.o
                                      0xf12e2 (size before relaxing)
 .debug_str     0x00000000000f0f84       0x2c Core/Src/stm32g4xx_hal_msp.o
                                      0xea781 (size before relaxing)
 .debug_str     0x00000000000f0fb0      0x6d3 Core/Src/stm32g4xx_hal_timebase_tim.o
                                      0xeb41e (size before relaxing)
 .debug_str     0x00000000000f1683      0x232 Core/Src/stm32g4xx_it.o
                                      0xeae1e (size before relaxing)
 .debug_str     0x00000000000f18b5       0xc6 Core/Src/system_stm32g4xx.o
                                      0xea7ba (size before relaxing)
 .debug_str     0x00000000000f197b       0x36 Core/Startup/startup_stm32g474retx.o
                                         0x6f (size before relaxing)
 .debug_str     0x00000000000f19b1      0x550 Drivers/STM32G4xx_HAL_Driver/Src/stm32g4xx_hal.o
                                      0xeb44b (size before relaxing)
 .debug_str     0x00000000000f1f01      0x380 Drivers/STM32G4xx_HAL_Driver/Src/stm32g4xx_hal_cortex.o
                                      0xeb153 (size before relaxing)
 .debug_str     0x00000000000f2281      0x221 Drivers/STM32G4xx_HAL_Driver/Src/stm32g4xx_hal_gpio.o
                                      0xeaa27 (size before relaxing)
 .debug_str     0x00000000000f24a2      0x4d2 Drivers/STM32G4xx_HAL_Driver/Src/stm32g4xx_hal_pwr_ex.o
                                      0xeac99 (size before relaxing)
 .debug_str     0x00000000000f2974      0x3c7 Drivers/STM32G4xx_HAL_Driver/Src/stm32g4xx_hal_rcc.o
                                      0xead59 (size before relaxing)
 .debug_str     0x00000000000f2d3b      0xeca Drivers/STM32G4xx_HAL_Driver/Src/stm32g4xx_hal_tim.o
                                      0xebb6f (size before relaxing)
 .debug_str     0x00000000000f3c05      0xa9c Drivers/STM32G4xx_HAL_Driver/Src/stm32g4xx_hal_tim_ex.o
                                      0xeb833 (size before relaxing)
 .debug_str     0x00000000000f46a1     0x355d Middlewares/Third_Party/FreeRTOS/Source/CMSIS_RTOS/cmsis_os.o
                                       0xdf01 (size before relaxing)
 .debug_str     0x00000000000f7bfe      0x219 Middlewares/Third_Party/FreeRTOS/Source/list.o
                                       0xa743 (size before relaxing)
 .debug_str     0x00000000000f7e17      0x79c Middlewares/Third_Party/FreeRTOS/Source/queue.o
                                       0xbe5e (size before relaxing)
 .debug_str     0x00000000000f85b3     0x1140 Middlewares/Third_Party/FreeRTOS/Source/tasks.o
                                       0xc956 (size before relaxing)
 .debug_str     0x00000000000f96f3      0x803 Middlewares/Third_Party/FreeRTOS/Source/portable/GCC/ARM_CM4F/port.o
                                       0x850c (size before relaxing)

.comment        0x0000000000000000       0x7b
 .comment       0x0000000000000000       0x7b Core/Src/app_freertos.o
                                         0x7c (size before relaxing)
 .comment       0x000000000000007b       0x7c Core/Src/main.o
 .comment       0x000000000000007b       0x7c Core/Src/stm32g4xx_hal_msp.o
 .comment       0x000000000000007b       0x7c Core/Src/stm32g4xx_hal_timebase_tim.o
 .comment       0x000000000000007b       0x7c Core/Src/stm32g4xx_it.o
 .comment       0x000000000000007b       0x7c Core/Src/system_stm32g4xx.o
 .comment       0x000000000000007b       0x7c Drivers/STM32G4xx_HAL_Driver/Src/stm32g4xx_hal.o
 .comment       0x000000000000007b       0x7c Drivers/STM32G4xx_HAL_Driver/Src/stm32g4xx_hal_cortex.o
 .comment       0x000000000000007b       0x7c Drivers/STM32G4xx_HAL_Driver/Src/stm32g4xx_hal_gpio.o
 .comment       0x000000000000007b       0x7c Drivers/STM32G4xx_HAL_Driver/Src/stm32g4xx_hal_pwr_ex.o
 .comment       0x000000000000007b       0x7c Drivers/STM32G4xx_HAL_Driver/Src/stm32g4xx_hal_rcc.o
 .comment       0x000000000000007b       0x7c Drivers/STM32G4xx_HAL_Driver/Src/stm32g4xx_hal_tim.o
 .comment       0x000000000000007b       0x7c Drivers/STM32G4xx_HAL_Driver/Src/stm32g4xx_hal_tim_ex.o
 .comment       0x000000000000007b       0x7c Middlewares/Third_Party/FreeRTOS/Source/CMSIS_RTOS/cmsis_os.o
 .comment       0x000000000000007b       0x7c Middlewares/Third_Party/FreeRTOS/Source/list.o
 .comment       0x000000000000007b       0x7c Middlewares/Third_Party/FreeRTOS/Source/queue.o
 .comment       0x000000000000007b       0x7c Middlewares/Third_Party/FreeRTOS/Source/tasks.o
 .comment       0x000000000000007b       0x7c Middlewares/Third_Party/FreeRTOS/Source/portable/GCC/ARM_CM4F/port.o

.debug_frame    0x0000000000000000     0x4924
 .debug_frame   0x0000000000000000       0x38 Core/Src/app_freertos.o
 .debug_frame   0x0000000000000038      0x260 Core/Src/main.o
 .debug_frame   0x0000000000000298       0x34 Core/Src/stm32g4xx_hal_msp.o
 .debug_frame   0x00000000000002cc       0x74 Core/Src/stm32g4xx_hal_timebase_tim.o
 .debug_frame   0x0000000000000340       0xf4 Core/Src/stm32g4xx_it.o
 .debug_frame   0x0000000000000434       0x58 Core/Src/system_stm32g4xx.o
 .debug_frame   0x000000000000048c      0x4a0 Drivers/STM32G4xx_HAL_Driver/Src/stm32g4xx_hal.o
 .debug_frame   0x000000000000092c      0x498 Drivers/STM32G4xx_HAL_Driver/Src/stm32g4xx_hal_cortex.o
 .debug_frame   0x0000000000000dc4      0x14c Drivers/STM32G4xx_HAL_Driver/Src/stm32g4xx_hal_gpio.o
 .debug_frame   0x0000000000000f10      0x4fc Drivers/STM32G4xx_HAL_Driver/Src/stm32g4xx_hal_pwr_ex.o
 .debug_frame   0x000000000000140c      0x23c Drivers/STM32G4xx_HAL_Driver/Src/stm32g4xx_hal_rcc.o
 .debug_frame   0x0000000000001648     0x121c Drivers/STM32G4xx_HAL_Driver/Src/stm32g4xx_hal_tim.o
 .debug_frame   0x0000000000002864      0xa68 Drivers/STM32G4xx_HAL_Driver/Src/stm32g4xx_hal_tim_ex.o
 .debug_frame   0x00000000000032cc      0x80c Middlewares/Third_Party/FreeRTOS/Source/CMSIS_RTOS/cmsis_os.o
 .debug_frame   0x0000000000003ad8       0xd8 Middlewares/Third_Party/FreeRTOS/Source/list.o
 .debug_frame   0x0000000000003bb0      0x424 Middlewares/Third_Party/FreeRTOS/Source/queue.o
 .debug_frame   0x0000000000003fd4      0x734 Middlewares/Third_Party/FreeRTOS/Source/tasks.o
 .debug_frame   0x0000000000004708      0x1a8 Middlewares/Third_Party/FreeRTOS/Source/portable/GCC/ARM_CM4F/port.o
 .debug_frame   0x00000000000048b0       0x2c /Applications/STM32CubeIDE.app/Contents/Eclipse/plugins/com.st.stm32cube.ide.mcu.externaltools.gnu-tools-for-stm32.7-2018-q2-update.macos64_1.4.0.202007081208/tools/bin/../lib/gcc/arm-none-eabi/7.3.1/../../../../arm-none-eabi/lib/thumb/v7e-m/fpv4-sp/hard/libc_nano.a(lib_a-init.o)
 .debug_frame   0x00000000000048dc       0x28 /Applications/STM32CubeIDE.app/Contents/Eclipse/plugins/com.st.stm32cube.ide.mcu.externaltools.gnu-tools-for-stm32.7-2018-q2-update.macos64_1.4.0.202007081208/tools/bin/../lib/gcc/arm-none-eabi/7.3.1/../../../../arm-none-eabi/lib/thumb/v7e-m/fpv4-sp/hard/libc_nano.a(lib_a-memcpy-stub.o)
 .debug_frame   0x0000000000004904       0x20 /Applications/STM32CubeIDE.app/Contents/Eclipse/plugins/com.st.stm32cube.ide.mcu.externaltools.gnu-tools-for-stm32.7-2018-q2-update.macos64_1.4.0.202007081208/tools/bin/../lib/gcc/arm-none-eabi/7.3.1/../../../../arm-none-eabi/lib/thumb/v7e-m/fpv4-sp/hard/libc_nano.a(lib_a-memset.o)
